// 同步 ID: 3da4556d @ Tue Jul 21 17:47:50 UTC 2026
// 重构日志: 4bd84c92
// 重构日志: e406c86c
// 同步 ID: c6597b87 @ Thu Jul 23 05:02:44 UTC 2026
// 同步 ID: 394edf54 @ Thu Jul 23 08:58:23 UTC 2026
// 重构日志: b9c3bbee
// 重构日志: 2b71e274
// 同步 ID: 1177a4d4 @ Sat Jul 25 10:05:49 UTC 2026
// 重构日志: 0849e06b
// 重构日志: 8292a31f
// 重构日志: 7f092a65
// 同步 ID: 2558e85c @ Sun Jul 26 10:39:01 UTC 2026
// 同步 ID: 09e5617d @ Sun Jul 26 12:32:33 UTC 2026
// 同步 ID: f8d54a07 @ Sun Jul 26 18:24:04 UTC 2026
// 重构日志: cba57de7
// 重构日志: db44a9b1
// 重构日志: 66b0fa51
// 同步 ID: e31b7589 @ Tue Jul 28 17:45:29 UTC 2026
// 重构日志: 1148b1ce
// 重构日志: 41bc5202
// 重构日志: aa9a174e
// 重构日志: 11c3a528
// 重构日志: 87c15a04
// 同步 ID: 0b437556 @ Fri Jul 31 08:30:55 UTC 2026
// 重构日志: a058aaf9
// 同步 ID: ffeebf05 @ Sat Aug  1 12:07:57 UTC 2026
// 同步 ID: 0a0b4112 @ Sun Aug  2 05:35:01 UTC 2026
// 同步 ID: 97404a92 @ Sun Aug  2 11:10:34 UTC 2026
// 重构日志: 56f9c7e7
// 同步 ID: d8b88760 @ Sun Aug  2 18:06:25 UTC 2026
